JSCompiler_StaticMethods_assoc_BANG_:Ud
JSCompiler_StaticMethods_cljs$core$ITransientVector$_assoc_n_BANG_$arity$3:cd
JSCompiler_StaticMethods_sval:rc
JSCompiler_prototypeAlias:f
L 0:a
L 1:b
L 10:n
L 11:p
L 12:q
L 13:r
L 14:x
L 15:A
L 16:B
L 17:F
L 18:K
L 19:Q
L 2:c
L 20:ca
L 21:ta
L 22:Gd
L 3:d
L 4:e
L 5:g
L 6:h
L 7:k
L 8:l
L 9:m
cljs$core$ArrayChunk:tc
cljs$core$ArrayNode:Bd
cljs$core$ArrayNodeIterator:Ad
cljs$core$ArrayNodeSeq:Nd
cljs$core$BitmapIndexedNode:zd
cljs$core$BitmapIndexedNode$EMPTY:Id
cljs$core$Box:ud
cljs$core$ChunkBuffer:sc
cljs$core$ChunkedCons:uc
cljs$core$ChunkedSeq:Vc
cljs$core$Cons:oc
cljs$core$ES6EntriesIterator:gd
cljs$core$ES6Iterator:tb
cljs$core$ES6IteratorSeq:ub
cljs$core$EmptyList:nc
cljs$core$HashCollisionNode:Dd
cljs$core$HashMapIter:Rd
cljs$core$IAssociative:xa
cljs$core$ICounted:oa
cljs$core$IEmptyableCollection:qa
cljs$core$IIndexed:ua
cljs$core$IIndexed$_nth$dyn_7658:ve
cljs$core$IIterable:ab
cljs$core$IKVReduce:Ja
cljs$core$IList:Qa
cljs$core$ILookup:wa
cljs$core$ILookup$_lookup$dyn_7664:we
cljs$core$IMap:Aa
cljs$core$IMeta:Fa
cljs$core$INext:va
cljs$core$IPrintWithWriter:Sa
cljs$core$IRecord:Ra
cljs$core$IReduce:Ia
cljs$core$IReduce$_reduce$dyn_7681:xe
cljs$core$ISeqable:Na
cljs$core$ISequential:Pa
cljs$core$ITER_SYMBOL:qb
cljs$core$IVector:Da
cljs$core$IndexedSeq:H
cljs$core$IndexedSeqIterator:Hb
cljs$core$KeySeq:Vd
cljs$core$Keyword:W
cljs$core$LazySeq:qc
cljs$core$List:mc
cljs$core$List$EMPTY:M
cljs$core$MapEntry:id
cljs$core$MetaFn:Pb
cljs$core$NeverEquiv:dd
cljs$core$NodeIterator:yd
cljs$core$NodeSeq:Jd
cljs$core$PROTOCOL_SENTINEL:G
cljs$core$PersistentArrayMap:ea
cljs$core$PersistentArrayMap$EMPTY:pd
cljs$core$PersistentArrayMap$HASHMAP_THRESHOLD:De
cljs$core$PersistentArrayMap$createAsIfByAssocComplexPath:qd
cljs$core$PersistentArrayMapIterator:ld
cljs$core$PersistentArrayMapSeq:kd
cljs$core$PersistentHashMap:Sd
cljs$core$PersistentHashMap$EMPTY:sd
cljs$core$PersistentVector:X
cljs$core$PersistentVector$EMPTY:je
cljs$core$PersistentVector$EMPTY_NODE:ie
cljs$core$RangedIterator:Sc
cljs$core$Reduced:xb
cljs$core$StringBufferWriter:cb
cljs$core$Symbol:ob
cljs$core$TransientArrayMap:rd
cljs$core$TransientHashMap:Td
cljs$core$TransientVector:bd
cljs$core$ValSeq:Yd
cljs$core$VectorNode:Mc
cljs$core$_EQ_:R
cljs$core$_STAR_print_level_STAR_:be
cljs$core$_as_transient:Ua
cljs$core$_assoc:za
cljs$core$_assoc_BANG_:Xa
cljs$core$_chunked_first:Za
cljs$core$_chunked_rest:$a
cljs$core$_conj:sa
cljs$core$_conj_BANG_:Va
cljs$core$_contains_key_QMARK_:ya
cljs$core$_count:pa
cljs$core$_deref:Ea
cljs$core$_drop_first:Ya
cljs$core$_empty:ra
cljs$core$_equiv:La
cljs$core$_first:C
cljs$core$_hash:Ma
cljs$core$_indexOf$cljs$0core$0IFn$0_invoke$0arity$03:S
cljs$core$_iterator:bb
cljs$core$_key:Ba
cljs$core$_kv_reduce:Ka
cljs$core$_lastIndexOf$cljs$0core$0IFn$0_invoke$0arity$03:T
cljs$core$_lookup:Ob
cljs$core$_meta:Ga
cljs$core$_nth:U
cljs$core$_persistent_BANG_:Wa
cljs$core$_pr_writer:Ta
cljs$core$_reduce:gc
cljs$core$_rest:D
cljs$core$_seq:Oa
cljs$core$_val:Ca
cljs$core$_with_meta:Ha
cljs$core$_write:E
cljs$core$aclone:z
cljs$core$apply:Hc
cljs$core$apply$cljs$0core$0IFn$0_invoke$0arity$02:Ec
cljs$core$apply$cljs$0core$0IFn$0_invoke$0arity$03:Fc
cljs$core$apply_to:yc
cljs$core$apply_to_simple$cljs$0core$0IFn$0_invoke$0arity$03:Bc
cljs$core$apply_to_simple$cljs$0core$0IFn$0_invoke$0arity$04:Ac
cljs$core$apply_to_simple$cljs$0core$0IFn$0_invoke$0arity$05:Cc
cljs$core$apply_to_simple$cljs$0core$0IFn$0_invoke$0arity$06:Dc
cljs$core$array_QMARK_:ma
cljs$core$array__GT_transient_hash_map:td
cljs$core$array_copy:Xb
cljs$core$array_for:Rc
cljs$core$array_index_of:hd
cljs$core$array_reduce$cljs$0core$0IFn$0_invoke$0arity$02:Ab
cljs$core$array_reduce$cljs$0core$0IFn$0_invoke$0arity$03:Bb
cljs$core$array_reduce$cljs$0core$0IFn$0_invoke$0arity$04:Cb
cljs$core$assoc:oe
cljs$core$bit_count:kc
cljs$core$boolean$0:Yb
cljs$core$bounded_count:xc
cljs$core$char_escapes:fe
cljs$core$chunk_append:wc
cljs$core$chunk_cons:vc
cljs$core$chunked_seq:Yc
cljs$core$chunked_seq$cljs$0core$0IFn$0_invoke$0arity$04:Wc
cljs$core$chunked_seq$cljs$0core$0IFn$0_invoke$0arity$05:Xc
cljs$core$chunked_seq_QMARK_:Wb
cljs$core$clone_and_set$cljs$0core$0IFn$0_invoke$0arity$03:vd
cljs$core$conj:Kc
cljs$core$cons:V
cljs$core$contains_QMARK_:$b
cljs$core$count:P
cljs$core$counted_QMARK_:Db
cljs$core$create_array_node_seq:Qd
cljs$core$create_array_node_seq$cljs$0core$0IFn$0_invoke$0arity$01:Od
cljs$core$create_array_node_seq$cljs$0core$0IFn$0_invoke$0arity$03:Pd
cljs$core$create_inode_seq:Md
cljs$core$create_inode_seq$cljs$0core$0IFn$0_invoke$0arity$01:Kd
cljs$core$create_inode_seq$cljs$0core$0IFn$0_invoke$0arity$03:Ld
cljs$core$create_node:Hd
cljs$core$create_node$cljs$0core$0IFn$0_invoke$0arity$06:Ed
cljs$core$create_node$cljs$0core$0IFn$0_invoke$0arity$07:Fd
cljs$core$deref:zb
cljs$core$do_assoc:Be
cljs$core$edit_and_set$cljs$0core$0IFn$0_invoke$0arity$04:wd
cljs$core$empty_ordered_hash:ye
cljs$core$empty_unordered_hash:ze
cljs$core$equiv_map:fd
cljs$core$equiv_sequential:lc
cljs$core$es6_iterator:O
cljs$core$es6_iterator_seq:rb
cljs$core$every_QMARK_:Jc
cljs$core$first:J
cljs$core$get:Nb
cljs$core$get$cljs$0core$0IFn$0_invoke$0arity$02:Lb
cljs$core$get$cljs$0core$0IFn$0_invoke$0arity$03:Mb
cljs$core$hash:mb
cljs$core$hash_collision_node_find_index:Cd
cljs$core$hash_combine:nb
cljs$core$hash_ordered_coll:vb
cljs$core$hash_string:lb
cljs$core$hash_unordered_coll:wb
cljs$core$identity:ic
cljs$core$imul:eb
cljs$core$indexed_QMARK_:Eb
cljs$core$inode_kv_reduce:xd
cljs$core$into$cljs$0core$0IFn$0_invoke$0arity$02:Lc
cljs$core$iter_reduce$cljs$0core$0IFn$0_invoke$0arity$02:ec
cljs$core$iter_reduce$cljs$0core$0IFn$0_invoke$0arity$03:fc
cljs$core$iterable_QMARK_:pb
cljs$core$key:Xd
cljs$core$key_test:md
cljs$core$keys:Wd
cljs$core$keyword:ke
cljs$core$lift_ns:se
cljs$core$linear_traversal_nth$cljs$0core$0IFn$0_invoke$0arity$03:Jb
cljs$core$lookup_sentinel:Zb
cljs$core$m3_fmix:hb
cljs$core$m3_hash_unencoded_chars:ib
cljs$core$m3_mix_H1:gb
cljs$core$m3_mix_K1:fb
cljs$core$map:Z
cljs$core$map_QMARK_:Tb
cljs$core$map_entry_QMARK_:jd
cljs$core$meta:Rb
cljs$core$missing_protocol:w
cljs$core$name:ae
cljs$core$namespace:pc
cljs$core$native_satisfies_QMARK_:v
cljs$core$never_equiv:ed
cljs$core$new_path:Pc
cljs$core$next:N
cljs$core$next_STAR_:zc
cljs$core$nth:Gb
cljs$core$nth$cljs$0core$0IFn$0_invoke$0arity$02:Fb
cljs$core$nth$cljs$0core$0IFn$0_invoke$0arity$03:Kb
cljs$core$pam_grow_seed_array:od
cljs$core$pam_new_size:nd
cljs$core$pr_opts:la
cljs$core$pr_sequential_writer:de
cljs$core$pr_str_STAR_:db
cljs$core$pr_str_with_opts:Ge
cljs$core$pr_writer:Y
cljs$core$pr_writer_impl:me
cljs$core$prim_seq$cljs$0core$0IFn$0_invoke$0arity$02:Ib
cljs$core$print_map:le
cljs$core$print_meta_QMARK_:he
cljs$core$print_prefix_map:te
cljs$core$push_tail:Ae
cljs$core$pv_fresh_node:Nc
cljs$core$pv_reduce$cljs$0core$0IFn$0_invoke$0arity$04:Uc
cljs$core$pv_reduce$cljs$0core$0IFn$0_invoke$0arity$05:Tc
cljs$core$quot:jc
cljs$core$quote_string:ge
cljs$core$record_QMARK_:Ub
cljs$core$reduce:bc
cljs$core$reduce$cljs$0core$0IFn$0_invoke$0arity$03:ac
cljs$core$reduce_kv:hc
cljs$core$reduced_QMARK_:yb
cljs$core$rest:sb
cljs$core$seq:I
cljs$core$seq_reduce$cljs$0core$0IFn$0_invoke$0arity$02:cc
cljs$core$seq_reduce$cljs$0core$0IFn$0_invoke$0arity$03:dc
cljs$core$sequential_QMARK_:Sb
cljs$core$spread:Gc
cljs$core$str:y
cljs$core$string_hash_cache:kb
cljs$core$string_hash_cache_count:jb
cljs$core$strip_ns:re
cljs$core$symbol:qe
cljs$core$t_cljs$0core6626:Ic
cljs$core$tail_off:Oc
cljs$core$truth_:u
cljs$core$tv_editable_root:$c
cljs$core$tv_editable_tail:ad
cljs$core$tv_ensure_editable:Zc
cljs$core$tv_push_tail:Ce
cljs$core$type__GT_str:na
cljs$core$unchecked_array_for:Qc
cljs$core$val:$d
cljs$core$vals:Zd
cljs$core$vector_QMARK_:Vb
cljs$core$with_meta:Qb
cljs$core$write_all$cljs$0core$0IFn$0_invoke$0arity$0variadic:ee
cljs$cst$0$flush_on_newline:fa
cljs$cst$1$readably:ha
cljs$cst$105$more_marker:ce
cljs$cst$106$alt_impl:ne
cljs$cst$107$fallback_impl:pe
cljs$cst$177$element:Ee
cljs$cst$178$markup:Fe
cljs$cst$2$meta:ia
cljs$cst$3$dup:ja
cljs$cst$4$print_length:ka
goog$UID_PROPERTY_:aa
goog$string$StringBuffer:da
goog$typeOf:t
goog$uidCounter_:ue
module$contents$goog$object_getKeys:ba
promethean$shadow_ui$runtime$log_ready_BANG_:Ie
promethean$shadow_ui$runtime$prefix:He
