JSCompiler_StaticMethods_assoc_BANG_:tf
JSCompiler_StaticMethods_cljs$core$ITransientVector$_assoc_n_BANG_$arity$3:Ae
JSCompiler_StaticMethods_sval:rd
JSCompiler_prototypeAlias:g
L 0:a
L 1:b
L 10:n
L 11:p
L 12:t
L 13:v
L 14:A
L 15:D
L 16:E
L 17:J
L 18:O
L 19:Y
L 2:c
L 20:ka
L 21:Ja
L 22:bf
L 3:d
L 4:e
L 5:f
L 6:h
L 7:k
L 8:l
L 9:m
cljs$core$ArrayChunk:td
cljs$core$ArrayNode:cf
cljs$core$ArrayNodeIterator:gf
cljs$core$ArrayNodeSeq:of
cljs$core$BitmapIndexedNode:Ye
cljs$core$BitmapIndexedNode$EMPTY:af
cljs$core$Box:Te
cljs$core$ChunkBuffer:sd
cljs$core$ChunkedCons:ud
cljs$core$ChunkedSeq:ue
cljs$core$Cons:ld
cljs$core$ES6EntriesIterator:Ee
cljs$core$ES6Iterator:cc
cljs$core$ES6IteratorSeq:dc
cljs$core$ES6SetEntriesIterator:Fe
cljs$core$EmptyList:kd
cljs$core$HashCollisionNode:lf
cljs$core$HashMapIter:qf
cljs$core$HashSetIter:xf
cljs$core$IAssociative:Ua
cljs$core$ICollection:Ka
cljs$core$IComparable:Bb
cljs$core$ICounted:Fa
cljs$core$IEmptyableCollection:Ha
cljs$core$IEncodeClojure:Yf
cljs$core$IEncodeJS:Tf
cljs$core$IIndexed:Ma
cljs$core$IIndexed$_nth$dyn_7327:Na
cljs$core$IIterable:Gb
cljs$core$IKVReduce:mb
cljs$core$IList:tb
cljs$core$ILookup:Ra
cljs$core$ILookup$_lookup$dyn_7337:Ta
cljs$core$IMap:Ya
cljs$core$IMeta:gb
cljs$core$INIT:Md
cljs$core$INext:Qa
cljs$core$IPrintWithWriter:vb
cljs$core$IRecord:ub
cljs$core$IReduce:jb
cljs$core$IReduce$_reduce$dyn_7359:lb
cljs$core$ISeq:Oa
cljs$core$ISeqable:qb
cljs$core$ISequential:sb
cljs$core$ISet:ab
cljs$core$ITER_SYMBOL:Aa
cljs$core$IVector:db
cljs$core$IndexedSeq:H
cljs$core$IndexedSeqIterator:uc
cljs$core$KeySeq:vf
cljs$core$Keyword:F
cljs$core$LazySeq:qd
cljs$core$List:zc
cljs$core$List$EMPTY:K
cljs$core$MapEntry:je
cljs$core$MetaFn:Ec
cljs$core$NeverEquiv:Be
cljs$core$NodeIterator:Xe
cljs$core$NodeSeq:mf
cljs$core$PROTOCOL_SENTINEL:r
cljs$core$PersistentArrayMap:pa
cljs$core$PersistentArrayMap$EMPTY:Kd
cljs$core$PersistentArrayMap$HASHMAP_THRESHOLD:Me
cljs$core$PersistentArrayMap$createAsIfByAssoc:Dc
cljs$core$PersistentArrayMap$createAsIfByAssocComplexPath:Re
cljs$core$PersistentArrayMapIterator:Ie
cljs$core$PersistentArrayMapSeq:He
cljs$core$PersistentHashMap:rf
cljs$core$PersistentHashMap$EMPTY:Ne
cljs$core$PersistentHashSet:yf
cljs$core$PersistentHashSet$EMPTY:Af
cljs$core$PersistentVector:X
cljs$core$PersistentVector$EMPTY:yc
cljs$core$PersistentVector$EMPTY_NODE:ke
cljs$core$RangedIterator:fe
cljs$core$Reduced:ic
cljs$core$START:Nd
cljs$core$SeqIter:Od
cljs$core$StringBufferWriter:Ib
cljs$core$Subvec:we
cljs$core$Symbol:Vb
cljs$core$TransientArrayMap:Le
cljs$core$TransientHashMap:sf
cljs$core$TransientHashSet:zf
cljs$core$TransientVector:le
cljs$core$ValSeq:wf
cljs$core$VectorNode:Vd
cljs$core$_EQ_:N
cljs$core$_STAR_print_fn_STAR_:la
cljs$core$_STAR_print_level_STAR_:na
cljs$core$_STAR_print_newline_STAR_:ma
cljs$core$__destructure_map:Jd
cljs$core$_as_transient:xb
cljs$core$_assoc:Wa
cljs$core$_assoc_BANG_:Ab
cljs$core$_assoc_n:eb
cljs$core$_chunked_first:Eb
cljs$core$_chunked_rest:Fb
cljs$core$_clj__GT_js:Uf
cljs$core$_compare:Cb
cljs$core$_conj:La
cljs$core$_conj_BANG_:yb
cljs$core$_contains_key_QMARK_:Va
cljs$core$_count:Ga
cljs$core$_deref:fb
cljs$core$_drop_first:Db
cljs$core$_empty:Ia
cljs$core$_equiv:ob
cljs$core$_find:Xa
cljs$core$_first:B
cljs$core$_hash:pb
cljs$core$_indexOf$cljs$0core$0IFn$0_invoke$0arity$03:Q
cljs$core$_iterator:Hb
cljs$core$_js__GT_clj:Zf
cljs$core$_key:Za
cljs$core$_kv_reduce:nb
cljs$core$_lastIndexOf$cljs$0core$0IFn$0_invoke$0arity$03:S
cljs$core$_lookup:Sa
cljs$core$_meta:hb
cljs$core$_nth:z
cljs$core$_peek:bb
cljs$core$_persistent_BANG_:zb
cljs$core$_pop:cb
cljs$core$_pr_writer:wb
cljs$core$_reduce:kb
cljs$core$_rest:Pa
cljs$core$_seq:rb
cljs$core$_val:$a
cljs$core$_with_meta:ib
cljs$core$_write:C
cljs$core$aclone:Ba
cljs$core$apply:Fc
cljs$core$apply$cljs$0core$0IFn$0_invoke$0arity$02:Gd
cljs$core$apply$cljs$0core$0IFn$0_invoke$0arity$03:Hd
cljs$core$apply$cljs$0core$0IFn$0_invoke$0arity$04:Id
cljs$core$apply_to:Ad
cljs$core$apply_to_simple$cljs$0core$0IFn$0_invoke$0arity$03:Cd
cljs$core$apply_to_simple$cljs$0core$0IFn$0_invoke$0arity$04:Dd
cljs$core$apply_to_simple$cljs$0core$0IFn$0_invoke$0arity$05:Ed
cljs$core$apply_to_simple$cljs$0core$0IFn$0_invoke$0arity$06:Fd
cljs$core$array_QMARK_:wa
cljs$core$array__GT_transient_hash_map:Se
cljs$core$array_copy:Qc
cljs$core$array_for:ce
cljs$core$array_index_of:Ge
cljs$core$array_map:uf
cljs$core$array_reduce$cljs$0core$0IFn$0_invoke$0arity$02:nc
cljs$core$array_reduce$cljs$0core$0IFn$0_invoke$0arity$03:oc
cljs$core$array_reduce$cljs$0core$0IFn$0_invoke$0arity$04:pc
cljs$core$assoc:Cc
cljs$core$bit_count:jd
cljs$core$boolean$0:Sc
cljs$core$bounded_count:xd
cljs$core$build_subvec:xe
cljs$core$char_escapes:Hf
cljs$core$chunk_append:wd
cljs$core$chunk_cons:vd
cljs$core$chunked_seq:pe
cljs$core$chunked_seq$cljs$0core$0IFn$0_invoke$0arity$04:oe
cljs$core$chunked_seq$cljs$0core$0IFn$0_invoke$0arity$05:ve
cljs$core$chunked_seq_QMARK_:Pc
cljs$core$ci_reduce$cljs$0core$0IFn$0_invoke$0arity$02:lc
cljs$core$ci_reduce$cljs$0core$0IFn$0_invoke$0arity$03:mc
cljs$core$clj__GT_js:Wf
cljs$core$clone_and_set$cljs$0core$0IFn$0_invoke$0arity$03:Ue
cljs$core$coll_QMARK_:Jc
cljs$core$compare:Vc
cljs$core$compare_indexed$cljs$0core$0IFn$0_invoke$0arity$02:Wc
cljs$core$compare_keywords:md
cljs$core$compare_symbols:Ub
cljs$core$complement:Qd
cljs$core$concat:zd
cljs$core$conj:xc
cljs$core$cons:T
cljs$core$contains_QMARK_:Uc
cljs$core$count:R
cljs$core$counted_QMARK_:qc
cljs$core$create_array_node_seq:jf
cljs$core$create_array_node_seq$cljs$0core$0IFn$0_invoke$0arity$01:hf
cljs$core$create_array_node_seq$cljs$0core$0IFn$0_invoke$0arity$03:pf
cljs$core$create_inode_seq:$e
cljs$core$create_inode_seq$cljs$0core$0IFn$0_invoke$0arity$01:Ze
cljs$core$create_inode_seq$cljs$0core$0IFn$0_invoke$0arity$03:nf
cljs$core$create_node:ef
cljs$core$create_node$cljs$0core$0IFn$0_invoke$0arity$06:ff
cljs$core$create_node$cljs$0core$0IFn$0_invoke$0arity$07:df
cljs$core$deref:kc
cljs$core$do_assoc:de
cljs$core$doall$cljs$0core$0IFn$0_invoke$0arity$01:Cf
cljs$core$edit_and_set$cljs$0core$0IFn$0_invoke$0arity$04:Ve
cljs$core$empty:Ac
cljs$core$empty_QMARK_:Ic
cljs$core$empty_ordered_hash:fc
cljs$core$empty_unordered_hash:hc
cljs$core$enable_console_print_BANG_:va
cljs$core$equiv_map:De
cljs$core$equiv_sequential:vc
cljs$core$es6_iterator:P
cljs$core$es6_iterator_seq:ac
cljs$core$every_QMARK_:Pd
cljs$core$filter$cljs$0core$0IFn$0_invoke$0arity$02:Rd
cljs$core$first:I
cljs$core$fn__GT_comparator:Xc
cljs$core$get:Xb
cljs$core$get$cljs$0core$0IFn$0_invoke$0arity$02:Wb
cljs$core$get$cljs$0core$0IFn$0_invoke$0arity$03:Yb
cljs$core$hash:Sb
cljs$core$hash_collision_node_find_index:kf
cljs$core$hash_combine:Tb
cljs$core$hash_ordered_coll:ec
cljs$core$hash_string:Rb
cljs$core$hash_unordered_coll:gc
cljs$core$identity:gd
cljs$core$imul:Kb
cljs$core$indexed_QMARK_:rc
cljs$core$inode_kv_reduce:We
cljs$core$integer_QMARK_:Tc
cljs$core$into$cljs$0core$0IFn$0_invoke$0arity$02:Td
cljs$core$into$cljs$0core$0IFn$0_invoke$0arity$03:Ud
cljs$core$into_array$cljs$0core$0IFn$0_invoke$0arity$02:Ca
cljs$core$iter_reduce$cljs$0core$0IFn$0_invoke$0arity$02:dd
cljs$core$iter_reduce$cljs$0core$0IFn$0_invoke$0arity$03:ed
cljs$core$iterable_QMARK_:$b
cljs$core$js__GT_clj$cljs$0core$0IFn$0_invoke$0arity$0variadic:$f
cljs$core$key:se
cljs$core$key__GT_js$cljs$0core$0IFn$0_invoke$0arity$02:Vf
cljs$core$key_test:Oe
cljs$core$keys:Je
cljs$core$keyword:od
cljs$core$last:wc
cljs$core$lift_ns:Rf
cljs$core$linear_traversal_nth$cljs$0core$0IFn$0_invoke$0arity$03:Bc
cljs$core$lookup_sentinel:Rc
cljs$core$m3_fmix:Nb
cljs$core$m3_hash_unencoded_chars:Ob
cljs$core$m3_mix_H1:Mb
cljs$core$m3_mix_K1:Lb
cljs$core$map:W
cljs$core$map_QMARK_:Mc
cljs$core$map_entry_QMARK_:re
cljs$core$meta:Hc
cljs$core$missing_protocol:x
cljs$core$name:pd
cljs$core$namespace:nd
cljs$core$native_satisfies_QMARK_:w
cljs$core$never_equiv:Ce
cljs$core$new_path:Zd
cljs$core$next:M
cljs$core$next_STAR_:Bd
cljs$core$not:xa
cljs$core$nth:tc
cljs$core$nth$cljs$0core$0IFn$0_invoke$0arity$02:sc
cljs$core$nth$cljs$0core$0IFn$0_invoke$0arity$03:V
cljs$core$pam_grow_seed_array:Qe
cljs$core$pam_new_size:Pe
cljs$core$pop_tail:ee
cljs$core$pr_opts:oa
cljs$core$pr_sequential_writer:Df
cljs$core$pr_str_STAR_:Jb
cljs$core$pr_str_with_opts:Of
cljs$core$pr_writer:Z
cljs$core$pr_writer_impl:Kf
cljs$core$prim_seq$cljs$0core$0IFn$0_invoke$0arity$02:U
cljs$core$print_map:Lf
cljs$core$print_meta_QMARK_:Jf
cljs$core$print_prefix_map:Sf
cljs$core$println$cljs$0core$0IFn$0_invoke$0arity$0variadic:Pf
cljs$core$push_tail:$d
cljs$core$pv_clone_node:Xd
cljs$core$pv_fresh_node:Wd
cljs$core$pv_reduce$cljs$0core$0IFn$0_invoke$0arity$04:he
cljs$core$pv_reduce$cljs$0core$0IFn$0_invoke$0arity$05:ie
cljs$core$quot:id
cljs$core$quote_string:If
cljs$core$ranged_iterator:ge
cljs$core$record_QMARK_:Nc
cljs$core$reduce:Ea
cljs$core$reduce$cljs$0core$0IFn$0_invoke$0arity$03:Da
cljs$core$reduce_kv:fd
cljs$core$reduced_QMARK_:jc
cljs$core$remove$cljs$0core$0IFn$0_invoke$0arity$02:Sd
cljs$core$rest:bc
cljs$core$seq:G
cljs$core$seq_reduce$cljs$0core$0IFn$0_invoke$0arity$02:bd
cljs$core$seq_reduce$cljs$0core$0IFn$0_invoke$0arity$03:cd
cljs$core$sequential_QMARK_:Lc
cljs$core$set:Bf
cljs$core$set_QMARK_:Kc
cljs$core$sort$cljs$0core$0IFn$0_invoke$0arity$02:Yc
cljs$core$sort_by$cljs$0core$0IFn$0_invoke$0arity$03:$c
cljs$core$spread:yd
cljs$core$str:y
cljs$core$string_hash_cache:Pb
cljs$core$string_hash_cache_count:Qb
cljs$core$string_print:Gf
cljs$core$strip_ns:Qf
cljs$core$symbol:Zb
cljs$core$t_cljs$0core6247:Ld
cljs$core$tail_off:Yd
cljs$core$to_array:Zc
cljs$core$transduce$cljs$0core$0IFn$0_invoke$0arity$04:hd
cljs$core$truth_:u
cljs$core$tv_editable_root:me
cljs$core$tv_editable_tail:ne
cljs$core$tv_ensure_editable:ye
cljs$core$tv_push_tail:ze
cljs$core$type:ya
cljs$core$type__GT_str:za
cljs$core$unchecked_array_for:be
cljs$core$val:te
cljs$core$vals:Ke
cljs$core$vec:qe
cljs$core$vector_QMARK_:Oc
cljs$core$vector_index_out_of_bounds:ae
cljs$core$with_meta:Gc
cljs$core$write_all$cljs$0core$0IFn$0_invoke$0arity$0variadic:Ff
cljs$cst$0$flush_on_newline:qa
cljs$cst$1$readably:ra
cljs$cst$105$more_marker:Ef
cljs$cst$106$alt_impl:Mf
cljs$cst$107$fallback_impl:Nf
cljs$cst$126$keyword_fn:Xf
cljs$cst$127$keywordize_keys:ag
cljs$cst$177$name:bg
cljs$cst$178$scripts:cg
cljs$cst$179$dir:eg
cljs$cst$180$alias:ad
cljs$cst$181$ordered_scripts:dg
cljs$cst$2$meta:sa
cljs$cst$3$dup:ta
cljs$cst$4$print_length:ua
cur$jscomp$inline_805:ug
goog$UID_PROPERTY_:ba
goog$global:aa
goog$string$StringBuffer:ja
goog$string$internal$isEmptyOrWhitespace:da
goog$typeOf:q
goog$uidCounter_:ca
module$contents$goog$array_defaultCompare:ha
module$contents$goog$array_sort:fa
module$contents$goog$array_stableSort:ia
module$contents$goog$object_getKeys:ea
part$jscomp$inline_806:vg
parts$jscomp$inline_804:tg
promethean$cli$core$_main:rg
promethean$cli$core$alias_map:ng
promethean$cli$core$child_directories:jg
promethean$cli$core$child_process:hg
promethean$cli$core$format_package_heading:og
promethean$cli$core$fs:fg
promethean$cli$core$gather_packages:lg
promethean$cli$core$ignored_directories:ig
promethean$cli$core$main:sg
promethean$cli$core$package_info:kg
promethean$cli$core$path:gg
promethean$cli$core$run_pnpm_script:qg
promethean$cli$core$show_package_actions:pg
promethean$cli$core$usage:mg
